🌍 Setting up environment for coord bootstrap...
✅ Environment configured (Python: /root/miniconda3/envs/ms/bin/python)
🚀 Launch: 6 GPUs (port 29880)
[2025-08-15 14:42:26,054] [INFO] [real_accelerator.py:239:get_accelerator] Setting ds_accelerator to cuda (auto detect)
[2025-08-15 14:42:26,207] [INFO] [real_accelerator.py:239:get_accelerator] Setting ds_accelerator to cuda (auto detect)
[2025-08-15 14:42:26,251] [INFO] [real_accelerator.py:239:get_accelerator] Setting ds_accelerator to cuda (auto detect)
[2025-08-15 14:42:26,404] [INFO] [real_accelerator.py:239:get_accelerator] Setting ds_accelerator to cuda (auto detect)
[2025-08-15 14:42:26,405] [INFO] [real_accelerator.py:239:get_accelerator] Setting ds_accelerator to cuda (auto detect)
[2025-08-15 14:42:26,430] [INFO] [real_accelerator.py:239:get_accelerator] Setting ds_accelerator to cuda (auto detect)
Using a slow image processor as `use_fast` is unset and a slow processor was saved with this model. `use_fast=True` will be the default behavior in v4.52, even if the model was saved with a slow processor. This will result in minor differences in outputs. You'll still be able to use a slow processor with `use_fast=False`.
Using a slow image processor as `use_fast` is unset and a slow processor was saved with this model. `use_fast=True` will be the default behavior in v4.52, even if the model was saved with a slow processor. This will result in minor differences in outputs. You'll still be able to use a slow processor with `use_fast=False`.
Using a slow image processor as `use_fast` is unset and a slow processor was saved with this model. `use_fast=True` will be the default behavior in v4.52, even if the model was saved with a slow processor. This will result in minor differences in outputs. You'll still be able to use a slow processor with `use_fast=False`.
Using a slow image processor as `use_fast` is unset and a slow processor was saved with this model. `use_fast=True` will be the default behavior in v4.52, even if the model was saved with a slow processor. This will result in minor differences in outputs. You'll still be able to use a slow processor with `use_fast=False`.
Using a slow image processor as `use_fast` is unset and a slow processor was saved with this model. `use_fast=True` will be the default behavior in v4.52, even if the model was saved with a slow processor. This will result in minor differences in outputs. You'll still be able to use a slow processor with `use_fast=False`.
Using a slow image processor as `use_fast` is unset and a slow processor was saved with this model. `use_fast=True` will be the default behavior in v4.52, even if the model was saved with a slow processor. This will result in minor differences in outputs. You'll still be able to use a slow processor with `use_fast=False`.
Trainer.tokenizer is now deprecated. You should use Trainer.processing_class instead.
✅ Using fast tokenizer for optimized performance
You're using a Qwen2TokenizerFast tokenizer. Please note that with a fast tokenizer, using the `__call__` method is faster than using a method to encode the text followed by a call to the `pad` method to get a padded encoding.
Trainer.tokenizer is now deprecated. You should use Trainer.processing_class instead.
✅ Using fast tokenizer for optimized performance
You're using a Qwen2TokenizerFast tokenizer. Please note that with a fast tokenizer, using the `__call__` method is faster than using a method to encode the text followed by a call to the `pad` method to get a padded encoding.
Trainer.tokenizer is now deprecated. You should use Trainer.processing_class instead.
✅ Using fast tokenizer for optimized performance
You're using a Qwen2TokenizerFast tokenizer. Please note that with a fast tokenizer, using the `__call__` method is faster than using a method to encode the text followed by a call to the `pad` method to get a padded encoding.
Trainer.tokenizer is now deprecated. You should use Trainer.processing_class instead.
✅ Using fast tokenizer for optimized performance
You're using a Qwen2TokenizerFast tokenizer. Please note that with a fast tokenizer, using the `__call__` method is faster than using a method to encode the text followed by a call to the `pad` method to get a padded encoding.
Trainer.tokenizer is now deprecated. You should use Trainer.processing_class instead.
✅ Using fast tokenizer for optimized performance
You're using a Qwen2TokenizerFast tokenizer. Please note that with a fast tokenizer, using the `__call__` method is faster than using a method to encode the text followed by a call to the `pad` method to get a padded encoding.
Trainer.tokenizer is now deprecated. You should use Trainer.processing_class instead.
✅ Using fast tokenizer for optimized performance
You're using a Qwen2TokenizerFast tokenizer. Please note that with a fast tokenizer, using the `__call__` method is faster than using a method to encode the text followed by a call to the `pad` method to get a padded encoding.
[rank1]:[W815 14:43:27.054745191 reducer.cpp:1400] Warning: find_unused_parameters=True was specified in DDP constructor, but did not find any unused parameters in the forward pass. This flag results in an extra traversal of the autograd graph every iteration,  which can adversely affect performance. If your model indeed never has any unused parameters in the forward pass, consider turning this flag off. Note that this warning may be a false positive if your model has flow control causing later iterations to have unused parameters. (function operator())
[rank3]:[W815 14:43:27.054923459 reducer.cpp:1400] Warning: find_unused_parameters=True was specified in DDP constructor, but did not find any unused parameters in the forward pass. This flag results in an extra traversal of the autograd graph every iteration,  which can adversely affect performance. If your model indeed never has any unused parameters in the forward pass, consider turning this flag off. Note that this warning may be a false positive if your model has flow control causing later iterations to have unused parameters. (function operator())
DynamicCache + torch.export is tested on torch 2.6.0+ and may not work on earlier versions.
DynamicCache + torch.export is tested on torch 2.6.0+ and may not work on earlier versions.
[rank4]:[W815 14:43:27.055272819 reducer.cpp:1400] Warning: find_unused_parameters=True was specified in DDP constructor, but did not find any unused parameters in the forward pass. This flag results in an extra traversal of the autograd graph every iteration,  which can adversely affect performance. If your model indeed never has any unused parameters in the forward pass, consider turning this flag off. Note that this warning may be a false positive if your model has flow control causing later iterations to have unused parameters. (function operator())
[rank5]:[W815 14:43:27.055752216 reducer.cpp:1400] Warning: find_unused_parameters=True was specified in DDP constructor, but did not find any unused parameters in the forward pass. This flag results in an extra traversal of the autograd graph every iteration,  which can adversely affect performance. If your model indeed never has any unused parameters in the forward pass, consider turning this flag off. Note that this warning may be a false positive if your model has flow control causing later iterations to have unused parameters. (function operator())
[rank2]:[W815 14:43:27.055953987 reducer.cpp:1400] Warning: find_unused_parameters=True was specified in DDP constructor, but did not find any unused parameters in the forward pass. This flag results in an extra traversal of the autograd graph every iteration,  which can adversely affect performance. If your model indeed never has any unused parameters in the forward pass, consider turning this flag off. Note that this warning may be a false positive if your model has flow control causing later iterations to have unused parameters. (function operator())
DynamicCache + torch.export is tested on torch 2.6.0+ and may not work on earlier versions.
DynamicCache + torch.export is tested on torch 2.6.0+ and may not work on earlier versions.
DynamicCache + torch.export is tested on torch 2.6.0+ and may not work on earlier versions.
[rank0]:[W815 14:43:27.056338836 reducer.cpp:1400] Warning: find_unused_parameters=True was specified in DDP constructor, but did not find any unused parameters in the forward pass. This flag results in an extra traversal of the autograd graph every iteration,  which can adversely affect performance. If your model indeed never has any unused parameters in the forward pass, consider turning this flag off. Note that this warning may be a false positive if your model has flow control causing later iterations to have unused parameters. (function operator())
DynamicCache + torch.export is tested on torch 2.6.0+ and may not work on earlier versions.
{'loss': 9.5565, 'learning_rate': 5.444444444444444e-07, 'current_phase': 'B', 'llm_loss': 3.2197370529174805, 'unlikelihood_coord': 0.0043222480453550816, 'unlikelihood_text': 0.0, 'unlikelihood_text_positions': 22.0, 'unlikelihood_text_max_coord_prob': 7.386891098803972e-11, 'unlikelihood_text_log_coord_mass': -18.611961364746094, 'unlikelihood_loss': 0.0043222480453550816, 'llm_lr': 5.555555555555555e-07, 'mlp_lr': 2.222222222222222e-06, 'vision_lr': 0.0, 'remaining_hrs': 4.3854549150334465, 'epoch': 0.56}
{'loss': 2.9551, 'learning_rate': 1.1e-06, 'current_phase': 'B', 'llm_loss': 2.917895555496216, 'unlikelihood_coord': 0.00019682085257954895, 'unlikelihood_text': 0.0, 'unlikelihood_text_positions': 19.0, 'unlikelihood_text_max_coord_prob': 1.9010522323004153e-12, 'unlikelihood_text_log_coord_mass': -20.7590389251709, 'unlikelihood_loss': 0.00019682085257954895, 'llm_lr': 1.111111111111111e-06, 'mlp_lr': 4.444444444444444e-06, 'vision_lr': 0.0, 'remaining_hrs': 3.720060904290941, 'epoch': 1.11}
{'eval_loss': 2.8753581047058105, 'eval_model_preparation_time': 0.0118, 'eval_runtime': 7.9542, 'eval_samples_per_second': 239.245, 'eval_steps_per_second': 1.257, 'current_phase': 'B', 'llm_loss': 2.937649726867676, 'unlikelihood_coord': 0.00018302432727068663, 'unlikelihood_text': 0.0, 'unlikelihood_text_positions': 18.0, 'unlikelihood_text_max_coord_prob': 2.154696993744709e-12, 'unlikelihood_text_log_coord_mass': -20.716411590576172, 'unlikelihood_loss': 0.00018302432727068663, 'llm_lr': 1.111111111111111e-06, 'mlp_lr': 4.444444444444444e-06, 'vision_lr': 0.0, 'remaining_hrs': 3.8174307971530492, 'epoch': 1.11}
{'loss': 2.8637, 'learning_rate': 1.6555555555555559e-06, 'current_phase': 'B', 'llm_loss': 2.916813611984253, 'unlikelihood_coord': 6.760421092621982e-05, 'unlikelihood_text': 0.0, 'unlikelihood_text_positions': 15.0, 'unlikelihood_text_max_coord_prob': 1.3048795984710315e-12, 'unlikelihood_text_log_coord_mass': -21.25264549255371, 'unlikelihood_loss': 6.760421092621982e-05, 'llm_lr': 1.6666666666666667e-06, 'mlp_lr': 6.666666666666667e-06, 'vision_lr': 0.0, 'remaining_hrs': 3.6101016096274057, 'epoch': 1.67}
{'loss': 2.6631, 'learning_rate': 2.2111111111111113e-06, 'current_phase': 'B', 'llm_loss': 2.641418933868408, 'unlikelihood_coord': 3.163364453939721e-05, 'unlikelihood_text': 0.0, 'unlikelihood_text_positions': 14.0, 'unlikelihood_text_max_coord_prob': 6.096138134223383e-13, 'unlikelihood_text_log_coord_mass': -22.22026824951172, 'unlikelihood_loss': 3.163364453939721e-05, 'llm_lr': 2.222222222222222e-06, 'mlp_lr': 8.888888888888888e-06, 'vision_lr': 0.0, 'remaining_hrs': 3.4345484938886433, 'epoch': 2.22}
{'eval_loss': 2.4957878589630127, 'eval_model_preparation_time': 0.0118, 'eval_runtime': 7.7862, 'eval_samples_per_second': 244.407, 'eval_steps_per_second': 1.284, 'current_phase': 'B', 'llm_loss': 2.5200061798095703, 'unlikelihood_coord': 5.456123108160682e-05, 'unlikelihood_text': 0.0, 'unlikelihood_text_positions': 18.0, 'unlikelihood_text_max_coord_prob': 5.525498136295381e-13, 'unlikelihood_text_log_coord_mass': -22.740840911865234, 'unlikelihood_loss': 5.456123108160682e-05, 'llm_lr': 2.222222222222222e-06, 'mlp_lr': 8.888888888888888e-06, 'vision_lr': 0.0, 'remaining_hrs': 3.4811234416564307, 'epoch': 2.22}
